// Jest Snapshot v1, https://goo.gl/fbAQLP

exports[`Character Details Small snapshot matches snapshot 1`] = `
<WithStyles(Grid)
  container={true}
  spacing={8}
>
  <WithStyles(Grid)
    item={true}
    xs={12}
  >
    <WithStyles(FormControl)
      className="formControl"
      disabled={false}
      fullWidth={true}
    >
      <WithStyles(WithFormControlContext(InputLabel))
        htmlFor="Name"
      >
        Name
      </WithStyles(WithFormControlContext(InputLabel))>
      <WithStyles(Input)
        aria-describedby="Name-helper-text"
        id="Name"
        name="Name"
        onChange={[Function]}
        type="text"
        value=""
      />
      <WithStyles(WithFormControlContext(FormHelperText))
        error={true}
        id="Name-helper-text"
      />
    </WithStyles(FormControl)>
  </WithStyles(Grid)>
  <WithStyles(Grid)
    item={true}
    xs={6}
  >
    <WithStyles(FormControl)
      className="formControl"
      disabled={false}
      fullWidth={true}
    >
      <WithStyles(WithFormControlContext(InputLabel))
        htmlFor="Race"
      >
        Race
      </WithStyles(WithFormControlContext(InputLabel))>
      <EnumDropdown
        disabled={false}
        name="Race"
        onChange={[Function]}
        options={
          Array [
            "Dragonborn",
            "Dwarf",
            "Elf",
            "Gnome",
            "HalfElf",
            "Halfling",
            "HalfOrc",
            "Human",
            "Tiefling",
          ]
        }
      />
      <WithStyles(WithFormControlContext(FormHelperText))
        error={true}
        id="Race-helper-text"
      />
    </WithStyles(FormControl)>
  </WithStyles(Grid)>
  <WithStyles(Grid)
    item={true}
    xs={6}
  >
    <WithStyles(FormControl)
      className="formControl"
      disabled={false}
      fullWidth={true}
    >
      <WithStyles(WithFormControlContext(InputLabel))
        htmlFor="Class"
      >
        Class
      </WithStyles(WithFormControlContext(InputLabel))>
      <EnumDropdown
        disabled={false}
        name="Class"
        onChange={[Function]}
        options={
          Array [
            "Barbarian",
            "Bard",
            "Cleric",
            "Druid",
            "Fighter",
            "Monk",
            "Paladin",
            "Ranger",
            "Rogue",
            "Sorcerer",
            "Warlock",
            "Wizard",
          ]
        }
      />
      <WithStyles(WithFormControlContext(FormHelperText))
        error={true}
        id="Class-helper-text"
      />
    </WithStyles(FormControl)>
  </WithStyles(Grid)>
  <WithStyles(Grid)
    item={true}
    xs={12}
  >
    <WithStyles(FormControl)
      className="formControl"
      disabled={false}
      fullWidth={true}
    >
      <WithStyles(WithFormControlContext(InputLabel))
        htmlFor="Level"
      >
        Level
      </WithStyles(WithFormControlContext(InputLabel))>
      <WithStyles(Input)
        aria-describedby="Level-helper-text"
        id="Level"
        name="Level"
        onChange={[Function]}
        type="number"
        value=""
      />
      <WithStyles(WithFormControlContext(FormHelperText))
        error={true}
        id="Level-helper-text"
      />
    </WithStyles(FormControl)>
  </WithStyles(Grid)>
  <WithStyles(Grid)
    item={true}
    xs={6}
  >
    <WithStyles(FormControl)
      className="formControl"
      disabled={false}
      fullWidth={true}
    >
      <WithStyles(WithFormControlContext(InputLabel))
        htmlFor="ArmorClass"
      >
        Armor Class
      </WithStyles(WithFormControlContext(InputLabel))>
      <WithStyles(Input)
        aria-describedby="ArmorClass-helper-text"
        id="ArmorClass"
        name="ArmorClass"
        onChange={[Function]}
        type="number"
        value=""
      />
      <WithStyles(WithFormControlContext(FormHelperText))
        error={true}
        id="ArmorClass-helper-text"
      />
    </WithStyles(FormControl)>
  </WithStyles(Grid)>
  <WithStyles(Grid)
    item={true}
    xs={6}
  >
    <WithStyles(FormControl)
      className="formControl"
      disabled={false}
      fullWidth={true}
    >
      <WithStyles(WithFormControlContext(InputLabel))
        htmlFor="MaxHealth"
      >
        Max Hit Points
      </WithStyles(WithFormControlContext(InputLabel))>
      <WithStyles(Input)
        aria-describedby="MaxHealth-helper-text"
        id="MaxHealth"
        name="MaxHealth"
        onChange={[Function]}
        type="number"
        value=""
      />
      <WithStyles(WithFormControlContext(FormHelperText))
        error={true}
        id="MaxHealth-helper-text"
      />
    </WithStyles(FormControl)>
  </WithStyles(Grid)>
  <WithStyles(Grid)
    item={true}
    xs={12}
  >
    <WithStyles(FormControl)
      className="formControl"
      disabled={false}
      fullWidth={true}
    >
      <WithStyles(WithFormControlContext(InputLabel))
        htmlFor="Notes"
      >
        Notes
      </WithStyles(WithFormControlContext(InputLabel))>
      <WithStyles(Input)
        aria-describedby="Notes-helper-text"
        id="Notes"
        multiline={true}
        name="Notes"
        onChange={[Function]}
        rows={10}
        rowsMax={10}
        type="text"
        value=""
      />
      <WithStyles(WithFormControlContext(FormHelperText))
        error={true}
        id="Notes-helper-text"
      />
    </WithStyles(FormControl)>
  </WithStyles(Grid)>
</WithStyles(Grid)>
`;
