// Jest Snapshot v1, https://goo.gl/fbAQLP

exports[`Test the EncounterList View Details renders correctly when the page is loaded 1`] = `
<div
  className="layout card-grid"
>
  <WithStyles(Grid)
    container={true}
    spacing={40}
  >
    <WithStyles(Grid)
      item={true}
      key="0"
      lg={3}
      md={4}
      sm={6}
    >
      <WithStyles(Card)
        className="card"
      >
        <WithStyles(CardMedia)
          className="card-media"
          image="data:image/svg+xml;charset=UTF-8,%3Csvg%20width%3D%22288%22%20height%3D%22225%22%20xmlns%3D%22http%3A%2F%2Fwww.w3.org%2F2000%2Fsvg%22%20viewBox%3D%220%200%20288%20225%22%20preserveAspectRatio%3D%22none%22%3E%3Cdefs%3E%3Cstyle%20type%3D%22text%2Fcss%22%3E%23holder_164edaf95ee%20text%20%7B%20fill%3A%23eceeef%3Bfont-weight%3Abold%3Bfont-family%3AArial%2C%20Helvetica%2C%20Open%20Sans%2C%20sans-serif%2C%20monospace%3Bfont-size%3A14pt%20%7D%20%3C%2Fstyle%3E%3C%2Fdefs%3E%3Cg%20id%3D%22holder_164edaf95ee%22%3E%3Crect%20width%3D%22288%22%20height%3D%22225%22%20fill%3D%22%2355595c%22%3E%3C%2Frect%3E%3Cg%3E%3Ctext%20x%3D%2296.32500076293945%22%20y%3D%22118.8%22%3EThumbnail%3C%2Ftext%3E%3C%2Fg%3E%3C%2Fg%3E%3C%2Fsvg%3E"
          title="Image title"
        />
        <WithStyles(CardContent)
          className="card-content"
        >
          <WithStyles(Typography)
            component="h2"
            gutterBottom={true}
            variant="h5"
          >
            Encounter
             
            0
          </WithStyles(Typography)>
          <WithStyles(Typography)>
            This is a fierce encounter...
            .
          </WithStyles(Typography)>
        </WithStyles(CardContent)>
        <WithStyles(CardActions)>
          <WithStyles(Button)
            color="primary"
            onClick={[Function]}
            size="small"
          >
            View
          </WithStyles(Button)>
          <WithStyles(Button)
            color="primary"
            onClick={[Function]}
            size="small"
          >
            Edit
          </WithStyles(Button)>
        </WithStyles(CardActions)>
      </WithStyles(Card)>
    </WithStyles(Grid)>
    <WithStyles(Grid)
      item={true}
      key="1"
      lg={3}
      md={4}
      sm={6}
    >
      <WithStyles(Card)
        className="card"
      >
        <WithStyles(CardMedia)
          className="card-media"
          image="data:image/svg+xml;charset=UTF-8,%3Csvg%20width%3D%22288%22%20height%3D%22225%22%20xmlns%3D%22http%3A%2F%2Fwww.w3.org%2F2000%2Fsvg%22%20viewBox%3D%220%200%20288%20225%22%20preserveAspectRatio%3D%22none%22%3E%3Cdefs%3E%3Cstyle%20type%3D%22text%2Fcss%22%3E%23holder_164edaf95ee%20text%20%7B%20fill%3A%23eceeef%3Bfont-weight%3Abold%3Bfont-family%3AArial%2C%20Helvetica%2C%20Open%20Sans%2C%20sans-serif%2C%20monospace%3Bfont-size%3A14pt%20%7D%20%3C%2Fstyle%3E%3C%2Fdefs%3E%3Cg%20id%3D%22holder_164edaf95ee%22%3E%3Crect%20width%3D%22288%22%20height%3D%22225%22%20fill%3D%22%2355595c%22%3E%3C%2Frect%3E%3Cg%3E%3Ctext%20x%3D%2296.32500076293945%22%20y%3D%22118.8%22%3EThumbnail%3C%2Ftext%3E%3C%2Fg%3E%3C%2Fg%3E%3C%2Fsvg%3E"
          title="Image title"
        />
        <WithStyles(CardContent)
          className="card-content"
        >
          <WithStyles(Typography)
            component="h2"
            gutterBottom={true}
            variant="h5"
          >
            Encounter
             
            1
          </WithStyles(Typography)>
          <WithStyles(Typography)>
            This is a fierce encounter...
            .
          </WithStyles(Typography)>
        </WithStyles(CardContent)>
        <WithStyles(CardActions)>
          <WithStyles(Button)
            color="primary"
            onClick={[Function]}
            size="small"
          >
            View
          </WithStyles(Button)>
          <WithStyles(Button)
            color="primary"
            onClick={[Function]}
            size="small"
          >
            Edit
          </WithStyles(Button)>
        </WithStyles(CardActions)>
      </WithStyles(Card)>
    </WithStyles(Grid)>
    <WithStyles(Grid)
      item={true}
      key="2"
      lg={3}
      md={4}
      sm={6}
    >
      <WithStyles(Card)
        className="card"
      >
        <WithStyles(CardMedia)
          className="card-media"
          image="data:image/svg+xml;charset=UTF-8,%3Csvg%20width%3D%22288%22%20height%3D%22225%22%20xmlns%3D%22http%3A%2F%2Fwww.w3.org%2F2000%2Fsvg%22%20viewBox%3D%220%200%20288%20225%22%20preserveAspectRatio%3D%22none%22%3E%3Cdefs%3E%3Cstyle%20type%3D%22text%2Fcss%22%3E%23holder_164edaf95ee%20text%20%7B%20fill%3A%23eceeef%3Bfont-weight%3Abold%3Bfont-family%3AArial%2C%20Helvetica%2C%20Open%20Sans%2C%20sans-serif%2C%20monospace%3Bfont-size%3A14pt%20%7D%20%3C%2Fstyle%3E%3C%2Fdefs%3E%3Cg%20id%3D%22holder_164edaf95ee%22%3E%3Crect%20width%3D%22288%22%20height%3D%22225%22%20fill%3D%22%2355595c%22%3E%3C%2Frect%3E%3Cg%3E%3Ctext%20x%3D%2296.32500076293945%22%20y%3D%22118.8%22%3EThumbnail%3C%2Ftext%3E%3C%2Fg%3E%3C%2Fg%3E%3C%2Fsvg%3E"
          title="Image title"
        />
        <WithStyles(CardContent)
          className="card-content"
        >
          <WithStyles(Typography)
            component="h2"
            gutterBottom={true}
            variant="h5"
          >
            Encounter
             
            2
          </WithStyles(Typography)>
          <WithStyles(Typography)>
            This is a fierce encounter...
            .
          </WithStyles(Typography)>
        </WithStyles(CardContent)>
        <WithStyles(CardActions)>
          <WithStyles(Button)
            color="primary"
            onClick={[Function]}
            size="small"
          >
            View
          </WithStyles(Button)>
          <WithStyles(Button)
            color="primary"
            onClick={[Function]}
            size="small"
          >
            Edit
          </WithStyles(Button)>
        </WithStyles(CardActions)>
      </WithStyles(Card)>
    </WithStyles(Grid)>
    <WithStyles(Grid)
      item={true}
      key="3"
      lg={3}
      md={4}
      sm={6}
    >
      <WithStyles(Card)
        className="card"
      >
        <WithStyles(CardMedia)
          className="card-media"
          image="data:image/svg+xml;charset=UTF-8,%3Csvg%20width%3D%22288%22%20height%3D%22225%22%20xmlns%3D%22http%3A%2F%2Fwww.w3.org%2F2000%2Fsvg%22%20viewBox%3D%220%200%20288%20225%22%20preserveAspectRatio%3D%22none%22%3E%3Cdefs%3E%3Cstyle%20type%3D%22text%2Fcss%22%3E%23holder_164edaf95ee%20text%20%7B%20fill%3A%23eceeef%3Bfont-weight%3Abold%3Bfont-family%3AArial%2C%20Helvetica%2C%20Open%20Sans%2C%20sans-serif%2C%20monospace%3Bfont-size%3A14pt%20%7D%20%3C%2Fstyle%3E%3C%2Fdefs%3E%3Cg%20id%3D%22holder_164edaf95ee%22%3E%3Crect%20width%3D%22288%22%20height%3D%22225%22%20fill%3D%22%2355595c%22%3E%3C%2Frect%3E%3Cg%3E%3Ctext%20x%3D%2296.32500076293945%22%20y%3D%22118.8%22%3EThumbnail%3C%2Ftext%3E%3C%2Fg%3E%3C%2Fg%3E%3C%2Fsvg%3E"
          title="Image title"
        />
        <WithStyles(CardContent)
          className="card-content"
        >
          <WithStyles(Typography)
            component="h2"
            gutterBottom={true}
            variant="h5"
          >
            Encounter
             
            3
          </WithStyles(Typography)>
          <WithStyles(Typography)>
            This is a fierce encounter...
            .
          </WithStyles(Typography)>
        </WithStyles(CardContent)>
        <WithStyles(CardActions)>
          <WithStyles(Button)
            color="primary"
            onClick={[Function]}
            size="small"
          >
            View
          </WithStyles(Button)>
          <WithStyles(Button)
            color="primary"
            onClick={[Function]}
            size="small"
          >
            Edit
          </WithStyles(Button)>
        </WithStyles(CardActions)>
      </WithStyles(Card)>
    </WithStyles(Grid)>
    <WithStyles(Grid)
      item={true}
      key="4"
      lg={3}
      md={4}
      sm={6}
    >
      <WithStyles(Card)
        className="card"
      >
        <WithStyles(CardMedia)
          className="card-media"
          image="data:image/svg+xml;charset=UTF-8,%3Csvg%20width%3D%22288%22%20height%3D%22225%22%20xmlns%3D%22http%3A%2F%2Fwww.w3.org%2F2000%2Fsvg%22%20viewBox%3D%220%200%20288%20225%22%20preserveAspectRatio%3D%22none%22%3E%3Cdefs%3E%3Cstyle%20type%3D%22text%2Fcss%22%3E%23holder_164edaf95ee%20text%20%7B%20fill%3A%23eceeef%3Bfont-weight%3Abold%3Bfont-family%3AArial%2C%20Helvetica%2C%20Open%20Sans%2C%20sans-serif%2C%20monospace%3Bfont-size%3A14pt%20%7D%20%3C%2Fstyle%3E%3C%2Fdefs%3E%3Cg%20id%3D%22holder_164edaf95ee%22%3E%3Crect%20width%3D%22288%22%20height%3D%22225%22%20fill%3D%22%2355595c%22%3E%3C%2Frect%3E%3Cg%3E%3Ctext%20x%3D%2296.32500076293945%22%20y%3D%22118.8%22%3EThumbnail%3C%2Ftext%3E%3C%2Fg%3E%3C%2Fg%3E%3C%2Fsvg%3E"
          title="Image title"
        />
        <WithStyles(CardContent)
          className="card-content"
        >
          <WithStyles(Typography)
            component="h2"
            gutterBottom={true}
            variant="h5"
          >
            Encounter
             
            4
          </WithStyles(Typography)>
          <WithStyles(Typography)>
            This is a fierce encounter...
            .
          </WithStyles(Typography)>
        </WithStyles(CardContent)>
        <WithStyles(CardActions)>
          <WithStyles(Button)
            color="primary"
            onClick={[Function]}
            size="small"
          >
            View
          </WithStyles(Button)>
          <WithStyles(Button)
            color="primary"
            onClick={[Function]}
            size="small"
          >
            Edit
          </WithStyles(Button)>
        </WithStyles(CardActions)>
      </WithStyles(Card)>
    </WithStyles(Grid)>
    <WithStyles(Grid)
      item={true}
      key="5"
      lg={3}
      md={4}
      sm={6}
    >
      <WithStyles(Card)
        className="card"
      >
        <WithStyles(CardMedia)
          className="card-media"
          image="data:image/svg+xml;charset=UTF-8,%3Csvg%20width%3D%22288%22%20height%3D%22225%22%20xmlns%3D%22http%3A%2F%2Fwww.w3.org%2F2000%2Fsvg%22%20viewBox%3D%220%200%20288%20225%22%20preserveAspectRatio%3D%22none%22%3E%3Cdefs%3E%3Cstyle%20type%3D%22text%2Fcss%22%3E%23holder_164edaf95ee%20text%20%7B%20fill%3A%23eceeef%3Bfont-weight%3Abold%3Bfont-family%3AArial%2C%20Helvetica%2C%20Open%20Sans%2C%20sans-serif%2C%20monospace%3Bfont-size%3A14pt%20%7D%20%3C%2Fstyle%3E%3C%2Fdefs%3E%3Cg%20id%3D%22holder_164edaf95ee%22%3E%3Crect%20width%3D%22288%22%20height%3D%22225%22%20fill%3D%22%2355595c%22%3E%3C%2Frect%3E%3Cg%3E%3Ctext%20x%3D%2296.32500076293945%22%20y%3D%22118.8%22%3EThumbnail%3C%2Ftext%3E%3C%2Fg%3E%3C%2Fg%3E%3C%2Fsvg%3E"
          title="Image title"
        />
        <WithStyles(CardContent)
          className="card-content"
        >
          <WithStyles(Typography)
            component="h2"
            gutterBottom={true}
            variant="h5"
          >
            Encounter
             
            5
          </WithStyles(Typography)>
          <WithStyles(Typography)>
            This is a fierce encounter...
            .
          </WithStyles(Typography)>
        </WithStyles(CardContent)>
        <WithStyles(CardActions)>
          <WithStyles(Button)
            color="primary"
            onClick={[Function]}
            size="small"
          >
            View
          </WithStyles(Button)>
          <WithStyles(Button)
            color="primary"
            onClick={[Function]}
            size="small"
          >
            Edit
          </WithStyles(Button)>
        </WithStyles(CardActions)>
      </WithStyles(Card)>
    </WithStyles(Grid)>
    <WithStyles(Grid)
      item={true}
      key="6"
      lg={3}
      md={4}
      sm={6}
    >
      <WithStyles(Card)
        className="card"
      >
        <WithStyles(CardMedia)
          className="card-media"
          image="data:image/svg+xml;charset=UTF-8,%3Csvg%20width%3D%22288%22%20height%3D%22225%22%20xmlns%3D%22http%3A%2F%2Fwww.w3.org%2F2000%2Fsvg%22%20viewBox%3D%220%200%20288%20225%22%20preserveAspectRatio%3D%22none%22%3E%3Cdefs%3E%3Cstyle%20type%3D%22text%2Fcss%22%3E%23holder_164edaf95ee%20text%20%7B%20fill%3A%23eceeef%3Bfont-weight%3Abold%3Bfont-family%3AArial%2C%20Helvetica%2C%20Open%20Sans%2C%20sans-serif%2C%20monospace%3Bfont-size%3A14pt%20%7D%20%3C%2Fstyle%3E%3C%2Fdefs%3E%3Cg%20id%3D%22holder_164edaf95ee%22%3E%3Crect%20width%3D%22288%22%20height%3D%22225%22%20fill%3D%22%2355595c%22%3E%3C%2Frect%3E%3Cg%3E%3Ctext%20x%3D%2296.32500076293945%22%20y%3D%22118.8%22%3EThumbnail%3C%2Ftext%3E%3C%2Fg%3E%3C%2Fg%3E%3C%2Fsvg%3E"
          title="Image title"
        />
        <WithStyles(CardContent)
          className="card-content"
        >
          <WithStyles(Typography)
            component="h2"
            gutterBottom={true}
            variant="h5"
          >
            Encounter
             
            6
          </WithStyles(Typography)>
          <WithStyles(Typography)>
            This is a fierce encounter...
            .
          </WithStyles(Typography)>
        </WithStyles(CardContent)>
        <WithStyles(CardActions)>
          <WithStyles(Button)
            color="primary"
            onClick={[Function]}
            size="small"
          >
            View
          </WithStyles(Button)>
          <WithStyles(Button)
            color="primary"
            onClick={[Function]}
            size="small"
          >
            Edit
          </WithStyles(Button)>
        </WithStyles(CardActions)>
      </WithStyles(Card)>
    </WithStyles(Grid)>
    <WithStyles(Grid)
      item={true}
      key="7"
      lg={3}
      md={4}
      sm={6}
    >
      <WithStyles(Card)
        className="card"
      >
        <WithStyles(CardMedia)
          className="card-media"
          image="data:image/svg+xml;charset=UTF-8,%3Csvg%20width%3D%22288%22%20height%3D%22225%22%20xmlns%3D%22http%3A%2F%2Fwww.w3.org%2F2000%2Fsvg%22%20viewBox%3D%220%200%20288%20225%22%20preserveAspectRatio%3D%22none%22%3E%3Cdefs%3E%3Cstyle%20type%3D%22text%2Fcss%22%3E%23holder_164edaf95ee%20text%20%7B%20fill%3A%23eceeef%3Bfont-weight%3Abold%3Bfont-family%3AArial%2C%20Helvetica%2C%20Open%20Sans%2C%20sans-serif%2C%20monospace%3Bfont-size%3A14pt%20%7D%20%3C%2Fstyle%3E%3C%2Fdefs%3E%3Cg%20id%3D%22holder_164edaf95ee%22%3E%3Crect%20width%3D%22288%22%20height%3D%22225%22%20fill%3D%22%2355595c%22%3E%3C%2Frect%3E%3Cg%3E%3Ctext%20x%3D%2296.32500076293945%22%20y%3D%22118.8%22%3EThumbnail%3C%2Ftext%3E%3C%2Fg%3E%3C%2Fg%3E%3C%2Fsvg%3E"
          title="Image title"
        />
        <WithStyles(CardContent)
          className="card-content"
        >
          <WithStyles(Typography)
            component="h2"
            gutterBottom={true}
            variant="h5"
          >
            Encounter
             
            7
          </WithStyles(Typography)>
          <WithStyles(Typography)>
            This is a fierce encounter...
            .
          </WithStyles(Typography)>
        </WithStyles(CardContent)>
        <WithStyles(CardActions)>
          <WithStyles(Button)
            color="primary"
            onClick={[Function]}
            size="small"
          >
            View
          </WithStyles(Button)>
          <WithStyles(Button)
            color="primary"
            onClick={[Function]}
            size="small"
          >
            Edit
          </WithStyles(Button)>
        </WithStyles(CardActions)>
      </WithStyles(Card)>
    </WithStyles(Grid)>
    <WithStyles(Grid)
      item={true}
      key="8"
      lg={3}
      md={4}
      sm={6}
    >
      <WithStyles(Card)
        className="card"
      >
        <WithStyles(CardMedia)
          className="card-media"
          image="data:image/svg+xml;charset=UTF-8,%3Csvg%20width%3D%22288%22%20height%3D%22225%22%20xmlns%3D%22http%3A%2F%2Fwww.w3.org%2F2000%2Fsvg%22%20viewBox%3D%220%200%20288%20225%22%20preserveAspectRatio%3D%22none%22%3E%3Cdefs%3E%3Cstyle%20type%3D%22text%2Fcss%22%3E%23holder_164edaf95ee%20text%20%7B%20fill%3A%23eceeef%3Bfont-weight%3Abold%3Bfont-family%3AArial%2C%20Helvetica%2C%20Open%20Sans%2C%20sans-serif%2C%20monospace%3Bfont-size%3A14pt%20%7D%20%3C%2Fstyle%3E%3C%2Fdefs%3E%3Cg%20id%3D%22holder_164edaf95ee%22%3E%3Crect%20width%3D%22288%22%20height%3D%22225%22%20fill%3D%22%2355595c%22%3E%3C%2Frect%3E%3Cg%3E%3Ctext%20x%3D%2296.32500076293945%22%20y%3D%22118.8%22%3EThumbnail%3C%2Ftext%3E%3C%2Fg%3E%3C%2Fg%3E%3C%2Fsvg%3E"
          title="Image title"
        />
        <WithStyles(CardContent)
          className="card-content"
        >
          <WithStyles(Typography)
            component="h2"
            gutterBottom={true}
            variant="h5"
          >
            Encounter
             
            8
          </WithStyles(Typography)>
          <WithStyles(Typography)>
            This is a fierce encounter...
            .
          </WithStyles(Typography)>
        </WithStyles(CardContent)>
        <WithStyles(CardActions)>
          <WithStyles(Button)
            color="primary"
            onClick={[Function]}
            size="small"
          >
            View
          </WithStyles(Button)>
          <WithStyles(Button)
            color="primary"
            onClick={[Function]}
            size="small"
          >
            Edit
          </WithStyles(Button)>
        </WithStyles(CardActions)>
      </WithStyles(Card)>
    </WithStyles(Grid)>
    <WithStyles(Grid)
      item={true}
      key="9"
      lg={3}
      md={4}
      sm={6}
    >
      <WithStyles(Card)
        className="card"
      >
        <WithStyles(CardMedia)
          className="card-media"
          image="data:image/svg+xml;charset=UTF-8,%3Csvg%20width%3D%22288%22%20height%3D%22225%22%20xmlns%3D%22http%3A%2F%2Fwww.w3.org%2F2000%2Fsvg%22%20viewBox%3D%220%200%20288%20225%22%20preserveAspectRatio%3D%22none%22%3E%3Cdefs%3E%3Cstyle%20type%3D%22text%2Fcss%22%3E%23holder_164edaf95ee%20text%20%7B%20fill%3A%23eceeef%3Bfont-weight%3Abold%3Bfont-family%3AArial%2C%20Helvetica%2C%20Open%20Sans%2C%20sans-serif%2C%20monospace%3Bfont-size%3A14pt%20%7D%20%3C%2Fstyle%3E%3C%2Fdefs%3E%3Cg%20id%3D%22holder_164edaf95ee%22%3E%3Crect%20width%3D%22288%22%20height%3D%22225%22%20fill%3D%22%2355595c%22%3E%3C%2Frect%3E%3Cg%3E%3Ctext%20x%3D%2296.32500076293945%22%20y%3D%22118.8%22%3EThumbnail%3C%2Ftext%3E%3C%2Fg%3E%3C%2Fg%3E%3C%2Fsvg%3E"
          title="Image title"
        />
        <WithStyles(CardContent)
          className="card-content"
        >
          <WithStyles(Typography)
            component="h2"
            gutterBottom={true}
            variant="h5"
          >
            Encounter
             
            9
          </WithStyles(Typography)>
          <WithStyles(Typography)>
            This is a fierce encounter...
            .
          </WithStyles(Typography)>
        </WithStyles(CardContent)>
        <WithStyles(CardActions)>
          <WithStyles(Button)
            color="primary"
            onClick={[Function]}
            size="small"
          >
            View
          </WithStyles(Button)>
          <WithStyles(Button)
            color="primary"
            onClick={[Function]}
            size="small"
          >
            Edit
          </WithStyles(Button)>
        </WithStyles(CardActions)>
      </WithStyles(Card)>
    </WithStyles(Grid)>
    <WithStyles(Grid)
      item={true}
      key="10"
      lg={3}
      md={4}
      sm={6}
    >
      <WithStyles(Card)
        className="card"
      >
        <WithStyles(CardMedia)
          className="card-media"
          image="data:image/svg+xml;charset=UTF-8,%3Csvg%20width%3D%22288%22%20height%3D%22225%22%20xmlns%3D%22http%3A%2F%2Fwww.w3.org%2F2000%2Fsvg%22%20viewBox%3D%220%200%20288%20225%22%20preserveAspectRatio%3D%22none%22%3E%3Cdefs%3E%3Cstyle%20type%3D%22text%2Fcss%22%3E%23holder_164edaf95ee%20text%20%7B%20fill%3A%23eceeef%3Bfont-weight%3Abold%3Bfont-family%3AArial%2C%20Helvetica%2C%20Open%20Sans%2C%20sans-serif%2C%20monospace%3Bfont-size%3A14pt%20%7D%20%3C%2Fstyle%3E%3C%2Fdefs%3E%3Cg%20id%3D%22holder_164edaf95ee%22%3E%3Crect%20width%3D%22288%22%20height%3D%22225%22%20fill%3D%22%2355595c%22%3E%3C%2Frect%3E%3Cg%3E%3Ctext%20x%3D%2296.32500076293945%22%20y%3D%22118.8%22%3EThumbnail%3C%2Ftext%3E%3C%2Fg%3E%3C%2Fg%3E%3C%2Fsvg%3E"
          title="Image title"
        />
        <WithStyles(CardContent)
          className="card-content"
        >
          <WithStyles(Typography)
            component="h2"
            gutterBottom={true}
            variant="h5"
          >
            Encounter
             
            10
          </WithStyles(Typography)>
          <WithStyles(Typography)>
            This is a fierce encounter...
            .
          </WithStyles(Typography)>
        </WithStyles(CardContent)>
        <WithStyles(CardActions)>
          <WithStyles(Button)
            color="primary"
            onClick={[Function]}
            size="small"
          >
            View
          </WithStyles(Button)>
          <WithStyles(Button)
            color="primary"
            onClick={[Function]}
            size="small"
          >
            Edit
          </WithStyles(Button)>
        </WithStyles(CardActions)>
      </WithStyles(Card)>
    </WithStyles(Grid)>
    <WithStyles(Grid)
      item={true}
      key="11"
      lg={3}
      md={4}
      sm={6}
    >
      <WithStyles(Card)
        className="card"
      >
        <WithStyles(CardMedia)
          className="card-media"
          image="data:image/svg+xml;charset=UTF-8,%3Csvg%20width%3D%22288%22%20height%3D%22225%22%20xmlns%3D%22http%3A%2F%2Fwww.w3.org%2F2000%2Fsvg%22%20viewBox%3D%220%200%20288%20225%22%20preserveAspectRatio%3D%22none%22%3E%3Cdefs%3E%3Cstyle%20type%3D%22text%2Fcss%22%3E%23holder_164edaf95ee%20text%20%7B%20fill%3A%23eceeef%3Bfont-weight%3Abold%3Bfont-family%3AArial%2C%20Helvetica%2C%20Open%20Sans%2C%20sans-serif%2C%20monospace%3Bfont-size%3A14pt%20%7D%20%3C%2Fstyle%3E%3C%2Fdefs%3E%3Cg%20id%3D%22holder_164edaf95ee%22%3E%3Crect%20width%3D%22288%22%20height%3D%22225%22%20fill%3D%22%2355595c%22%3E%3C%2Frect%3E%3Cg%3E%3Ctext%20x%3D%2296.32500076293945%22%20y%3D%22118.8%22%3EThumbnail%3C%2Ftext%3E%3C%2Fg%3E%3C%2Fg%3E%3C%2Fsvg%3E"
          title="Image title"
        />
        <WithStyles(CardContent)
          className="card-content"
        >
          <WithStyles(Typography)
            component="h2"
            gutterBottom={true}
            variant="h5"
          >
            Encounter
             
            11
          </WithStyles(Typography)>
          <WithStyles(Typography)>
            This is a fierce encounter...
            .
          </WithStyles(Typography)>
        </WithStyles(CardContent)>
        <WithStyles(CardActions)>
          <WithStyles(Button)
            color="primary"
            onClick={[Function]}
            size="small"
          >
            View
          </WithStyles(Button)>
          <WithStyles(Button)
            color="primary"
            onClick={[Function]}
            size="small"
          >
            Edit
          </WithStyles(Button)>
        </WithStyles(CardActions)>
      </WithStyles(Card)>
    </WithStyles(Grid)>
  </WithStyles(Grid)>
</div>
`;
