// Jest Snapshot v1, https://goo.gl/fbAQLP

exports[`Monster Creation Small snapshot matches snapshot 1`] = `
<WithStyles(ExpansionPanel)
  CollapseProps={
    Object {
      "timeout": 100,
    }
  }
  defaultExpanded={true}
>
  <WithStyles(ExpansionPanelSummary)
    expandIcon={<pure(ExpandMoreIcon) />}
  >
    <WithStyles(Typography)
      className="heading"
    >
      Basic Configurations
    </WithStyles(Typography)>
  </WithStyles(ExpansionPanelSummary)>
  <WithStyles(ExpansionPanelDetails)>
    <WithStyles(Grid)
      container={true}
      spacing={8}
    >
      <WithStyles(Grid)
        item={true}
        xs={4}
      >
        <WithStyles(FormControl)
          className="formControl"
          disabled={false}
          fullWidth={true}
        >
          <WithStyles(WithFormControlContext(InputLabel))
            htmlFor="Type"
          >
            Type
          </WithStyles(WithFormControlContext(InputLabel))>
          <MonsterDropdown
            disabled={false}
            name="Type"
            onChange={[Function]}
            options={
              Array [
                "Beast",
                "Dragon",
                "Monstrosity",
                "Humanoid",
                "Fiend",
                "Undead",
                "Giant",
                "Elemental",
                "SwarmOfTinyBeasts",
                "Construct",
                "Celestial",
                "Aberration",
                "Fey",
                "Plant",
                "Ooze",
              ]
            }
          />
          <WithStyles(WithFormControlContext(FormHelperText))
            error={true}
            id="Type-helper-text"
          />
        </WithStyles(FormControl)>
      </WithStyles(Grid)>
      <WithStyles(Grid)
        item={true}
        xs={4}
      >
        <WithStyles(FormControl)
          className="formControl"
          disabled={false}
          fullWidth={true}
        >
          <WithStyles(WithFormControlContext(InputLabel))
            htmlFor="Size"
          >
            Size
          </WithStyles(WithFormControlContext(InputLabel))>
          <MonsterDropdown
            disabled={false}
            name="Size"
            onChange={[Function]}
            options={
              Array [
                "Tiny",
                "Small",
                "Medium",
                "Large",
                "Huge",
                "Gargantuan",
              ]
            }
          />
          <WithStyles(WithFormControlContext(FormHelperText))
            error={true}
            id="Size-helper-text"
          />
        </WithStyles(FormControl)>
      </WithStyles(Grid)>
      <WithStyles(Grid)
        item={true}
        xs={4}
      >
        <WithStyles(FormControl)
          className="formControl"
          disabled={false}
          fullWidth={true}
        >
          <WithStyles(WithFormControlContext(InputLabel))
            htmlFor="Race"
          >
            Race
          </WithStyles(WithFormControlContext(InputLabel))>
          <MonsterDropdown
            disabled={false}
            name="Race"
            onChange={[Function]}
            options={
              Array [
                "AnyRace",
                "Devil",
                "Demon",
                "Human",
                "Shapechanger",
                "Goblinoid",
                "Titan",
                "Gnoll",
                "Gnome",
                "Dwarf",
                "Elf",
                "Orc",
                "Kobold",
                "Lizardfolk",
                "Merfolk",
                "Sahuagin",
                "Grimlock",
              ]
            }
          />
          <WithStyles(WithFormControlContext(FormHelperText))
            error={true}
            id="Race-helper-text"
          />
        </WithStyles(FormControl)>
      </WithStyles(Grid)>
      <WithStyles(Grid)
        item={true}
        xs={6}
      >
        <WithStyles(FormControl)
          className="formControl"
          disabled={false}
          fullWidth={true}
        >
          <WithStyles(WithFormControlContext(InputLabel))
            htmlFor="Alignment"
          >
            Alignment
          </WithStyles(WithFormControlContext(InputLabel))>
          <MonsterDropdown
            disabled={false}
            name="Alignment"
            onChange={[Function]}
            options={
              Array [
                "Unaligned",
                "AnyAlignment",
                "AnyNonGoodAlignment",
                "AnyNonEvilAlignment",
                "AnyNonLawfulAlignment",
                "AnyNonChaoticAlignment",
                "AnyGoodAlignment",
                "AnyEvilAlignment",
                "AnyLawfulAlignment",
                "AnyChaoticAlignment",
                "AnyNeutralAlignment",
                "LawfulGood",
                "LawfulNeutral",
                "LawfulEvil",
                "NeutralGood",
                "Neutral",
                "NeutralEvil",
                "ChaoticGood",
                "ChaoticNeutral",
                "ChaoticEvil",
              ]
            }
          />
          <WithStyles(WithFormControlContext(FormHelperText))
            error={true}
            id="Alignment-helper-text"
          />
        </WithStyles(FormControl)>
      </WithStyles(Grid)>
      <WithStyles(Grid)
        item={true}
        xs={6}
      >
        <WithStyles(FormControl)
          className="formControl"
          disabled={false}
          fullWidth={true}
        >
          <WithStyles(WithFormControlContext(InputLabel))
            htmlFor="Environment"
          >
            Environment
          </WithStyles(WithFormControlContext(InputLabel))>
          <MonsterDropdown
            disabled={false}
            name="Environment"
            onChange={[Function]}
            options={
              Array [
                "Arctic",
                "Coastal",
                "Desert",
                "Forest",
                "Grassland",
                "Hill",
                "Mountain",
                "Swamp",
                "Underdark",
                "Underwater",
                "Urban",
              ]
            }
          />
          <WithStyles(WithFormControlContext(FormHelperText))
            error={true}
            id="Environment-helper-text"
          />
        </WithStyles(FormControl)>
      </WithStyles(Grid)>
    </WithStyles(Grid)>
  </WithStyles(ExpansionPanelDetails)>
</WithStyles(ExpansionPanel)>
`;
