// Jest Snapshot v1, https://goo.gl/fbAQLP

exports[`Monster SkillBonuses Small snapshot matches snapshot 1`] = `
<WithStyles(ExpansionPanel)
  CollapseProps={
    Object {
      "timeout": 100,
    }
  }
  defaultExpanded={true}
>
  <WithStyles(ExpansionPanelSummary)
    expandIcon={<pure(ExpandMoreIcon) />}
  >
    <WithStyles(Typography)
      className="heading"
    >
      Skill Bonuses
    </WithStyles(Typography)>
  </WithStyles(ExpansionPanelSummary)>
  <WithStyles(ExpansionPanelDetails)>
    <WithStyles(Grid)
      container={true}
      spacing={8}
    >
      <WithStyles(Grid)
        item={true}
        key="Acrobatics"
        sm={4}
        xs={6}
      >
        <WithStyles(FormControl)
          className="formControl"
          disabled={false}
          fullWidth={true}
        >
          <WithStyles(WithFormControlContext(InputLabel))
            htmlFor="Acrobatics"
          >
            Acrobatics
          </WithStyles(WithFormControlContext(InputLabel))>
          <WithStyles(Input)
            aria-describedby="Acrobatics-helper-text"
            id="Acrobatics"
            name="Acrobatics"
            onChange={[Function]}
            type="number"
            value=""
          />
          <WithStyles(WithFormControlContext(FormHelperText))
            error={true}
            id="Acrobatics-helper-text"
          />
          <WithStyles(Tooltip)
            disableFocusListener={true}
            title="Dexterity (Acrobatics) covers your attempt to stay on your feet in a tricky situation, such as when you're trying to run across a sheet of ice, balance on a tightrope, or stay upright on a rocking ship's deck. It can also count to see if you can perform acrobatic stunts, including dives, rolls, somersaults, and flips."
          >
            <withHelpersModifiers(Help)
              className="tooltip"
            >
              Hover for More About 
              Acrobatics
            </withHelpersModifiers(Help)>
          </WithStyles(Tooltip)>
        </WithStyles(FormControl)>
      </WithStyles(Grid)>
      <WithStyles(Grid)
        item={true}
        key="Animal Handling"
        sm={4}
        xs={6}
      >
        <WithStyles(FormControl)
          className="formControl"
          disabled={false}
          fullWidth={true}
        >
          <WithStyles(WithFormControlContext(InputLabel))
            htmlFor="Animal Handling"
          >
            Animal Handling
          </WithStyles(WithFormControlContext(InputLabel))>
          <WithStyles(Input)
            aria-describedby="Animal Handling-helper-text"
            id="Animal Handling"
            name="Animal Handling"
            onChange={[Function]}
            type="number"
            value=""
          />
          <WithStyles(WithFormControlContext(FormHelperText))
            error={true}
            id="Animal Handling-helper-text"
          />
          <WithStyles(Tooltip)
            disableFocusListener={true}
            title="Wisdom (Animal Handling) covers whether you can calm down a domesticated animal, keep a mount from getting spooked, or intuit an animal's intentions."
          >
            <withHelpersModifiers(Help)
              className="tooltip"
            >
              Hover for More About 
              Animal Handling
            </withHelpersModifiers(Help)>
          </WithStyles(Tooltip)>
        </WithStyles(FormControl)>
      </WithStyles(Grid)>
      <WithStyles(Grid)
        item={true}
        key="Arcana"
        sm={4}
        xs={6}
      >
        <WithStyles(FormControl)
          className="formControl"
          disabled={false}
          fullWidth={true}
        >
          <WithStyles(WithFormControlContext(InputLabel))
            htmlFor="Arcana"
          >
            Arcana
          </WithStyles(WithFormControlContext(InputLabel))>
          <WithStyles(Input)
            aria-describedby="Arcana-helper-text"
            id="Arcana"
            name="Arcana"
            onChange={[Function]}
            type="number"
            value=""
          />
          <WithStyles(WithFormControlContext(FormHelperText))
            error={true}
            id="Arcana-helper-text"
          />
          <WithStyles(Tooltip)
            disableFocusListener={true}
            title="Intelligence (Arcana) measures your ability to recall lore about spells, magic items, eldritch symbols, magical traditions, the planes of existence, and the inhabitants of those planes."
          >
            <withHelpersModifiers(Help)
              className="tooltip"
            >
              Hover for More About 
              Arcana
            </withHelpersModifiers(Help)>
          </WithStyles(Tooltip)>
        </WithStyles(FormControl)>
      </WithStyles(Grid)>
      <WithStyles(Grid)
        item={true}
        key="Athletics"
        sm={4}
        xs={6}
      >
        <WithStyles(FormControl)
          className="formControl"
          disabled={false}
          fullWidth={true}
        >
          <WithStyles(WithFormControlContext(InputLabel))
            htmlFor="Athletics"
          >
            Athletics
          </WithStyles(WithFormControlContext(InputLabel))>
          <WithStyles(Input)
            aria-describedby="Athletics-helper-text"
            id="Athletics"
            name="Athletics"
            onChange={[Function]}
            type="number"
            value=""
          />
          <WithStyles(WithFormControlContext(FormHelperText))
            error={true}
            id="Athletics-helper-text"
          />
          <WithStyles(Tooltip)
            disableFocusListener={true}
            title="Strength (Athletics) covers difficult situations you encounter while climbing, jumping, or swimming."
          >
            <withHelpersModifiers(Help)
              className="tooltip"
            >
              Hover for More About 
              Athletics
            </withHelpersModifiers(Help)>
          </WithStyles(Tooltip)>
        </WithStyles(FormControl)>
      </WithStyles(Grid)>
      <WithStyles(Grid)
        item={true}
        key="Deception"
        sm={4}
        xs={6}
      >
        <WithStyles(FormControl)
          className="formControl"
          disabled={false}
          fullWidth={true}
        >
          <WithStyles(WithFormControlContext(InputLabel))
            htmlFor="Deception"
          >
            Deception
          </WithStyles(WithFormControlContext(InputLabel))>
          <WithStyles(Input)
            aria-describedby="Deception-helper-text"
            id="Deception"
            name="Deception"
            onChange={[Function]}
            type="number"
            value=""
          />
          <WithStyles(WithFormControlContext(FormHelperText))
            error={true}
            id="Deception-helper-text"
          />
          <WithStyles(Tooltip)
            disableFocusListener={true}
            title="Charisma (Deception) determines whether you can convincingly hide the truth, either verbally or through your actions."
          >
            <withHelpersModifiers(Help)
              className="tooltip"
            >
              Hover for More About 
              Deception
            </withHelpersModifiers(Help)>
          </WithStyles(Tooltip)>
        </WithStyles(FormControl)>
      </WithStyles(Grid)>
      <WithStyles(Grid)
        item={true}
        key="History"
        sm={4}
        xs={6}
      >
        <WithStyles(FormControl)
          className="formControl"
          disabled={false}
          fullWidth={true}
        >
          <WithStyles(WithFormControlContext(InputLabel))
            htmlFor="History"
          >
            History
          </WithStyles(WithFormControlContext(InputLabel))>
          <WithStyles(Input)
            aria-describedby="History-helper-text"
            id="History"
            name="History"
            onChange={[Function]}
            type="number"
            value=""
          />
          <WithStyles(WithFormControlContext(FormHelperText))
            error={true}
            id="History-helper-text"
          />
          <WithStyles(Tooltip)
            disableFocusListener={true}
            title="Intelligence (History) measures your ability to recall lore about historical events, legendary people, ancient kingdoms, past disputes, recent wars, and lost civilizations."
          >
            <withHelpersModifiers(Help)
              className="tooltip"
            >
              Hover for More About 
              History
            </withHelpersModifiers(Help)>
          </WithStyles(Tooltip)>
        </WithStyles(FormControl)>
      </WithStyles(Grid)>
      <WithStyles(Grid)
        item={true}
        key="Insight"
        sm={4}
        xs={6}
      >
        <WithStyles(FormControl)
          className="formControl"
          disabled={false}
          fullWidth={true}
        >
          <WithStyles(WithFormControlContext(InputLabel))
            htmlFor="Insight"
          >
            Insight
          </WithStyles(WithFormControlContext(InputLabel))>
          <WithStyles(Input)
            aria-describedby="Insight-helper-text"
            id="Insight"
            name="Insight"
            onChange={[Function]}
            type="number"
            value=""
          />
          <WithStyles(WithFormControlContext(FormHelperText))
            error={true}
            id="Insight-helper-text"
          />
          <WithStyles(Tooltip)
            disableFocusListener={true}
            title=" Wisdom (Insight) decides whether you can determine the true intentions of a creature, such as when searching out a lie or predicting someone's next move."
          >
            <withHelpersModifiers(Help)
              className="tooltip"
            >
              Hover for More About 
              Insight
            </withHelpersModifiers(Help)>
          </WithStyles(Tooltip)>
        </WithStyles(FormControl)>
      </WithStyles(Grid)>
      <WithStyles(Grid)
        item={true}
        key="Intimidation"
        sm={4}
        xs={6}
      >
        <WithStyles(FormControl)
          className="formControl"
          disabled={false}
          fullWidth={true}
        >
          <WithStyles(WithFormControlContext(InputLabel))
            htmlFor="Intimidation"
          >
            Intimidation
          </WithStyles(WithFormControlContext(InputLabel))>
          <WithStyles(Input)
            aria-describedby="Intimidation-helper-text"
            id="Intimidation"
            name="Intimidation"
            onChange={[Function]}
            type="number"
            value=""
          />
          <WithStyles(WithFormControlContext(FormHelperText))
            error={true}
            id="Intimidation-helper-text"
          />
          <WithStyles(Tooltip)
            disableFocusListener={true}
            title="Charisma (Intimidation) covers when you attempt to influence someone through overt threats, hostile actions, and physical violence."
          >
            <withHelpersModifiers(Help)
              className="tooltip"
            >
              Hover for More About 
              Intimidation
            </withHelpersModifiers(Help)>
          </WithStyles(Tooltip)>
        </WithStyles(FormControl)>
      </WithStyles(Grid)>
      <WithStyles(Grid)
        item={true}
        key="Investigation"
        sm={4}
        xs={6}
      >
        <WithStyles(FormControl)
          className="formControl"
          disabled={false}
          fullWidth={true}
        >
          <WithStyles(WithFormControlContext(InputLabel))
            htmlFor="Investigation"
          >
            Investigation
          </WithStyles(WithFormControlContext(InputLabel))>
          <WithStyles(Input)
            aria-describedby="Investigation-helper-text"
            id="Investigation"
            name="Investigation"
            onChange={[Function]}
            type="number"
            value=""
          />
          <WithStyles(WithFormControlContext(FormHelperText))
            error={true}
            id="Investigation-helper-text"
          />
          <WithStyles(Tooltip)
            disableFocusListener={true}
            title="Intelligence (Investigation) covers when you look around for clues and make deductions based on those clues."
          >
            <withHelpersModifiers(Help)
              className="tooltip"
            >
              Hover for More About 
              Investigation
            </withHelpersModifiers(Help)>
          </WithStyles(Tooltip)>
        </WithStyles(FormControl)>
      </WithStyles(Grid)>
      <WithStyles(Grid)
        item={true}
        key="Medicine"
        sm={4}
        xs={6}
      >
        <WithStyles(FormControl)
          className="formControl"
          disabled={false}
          fullWidth={true}
        >
          <WithStyles(WithFormControlContext(InputLabel))
            htmlFor="Medicine"
          >
            Medicine
          </WithStyles(WithFormControlContext(InputLabel))>
          <WithStyles(Input)
            aria-describedby="Medicine-helper-text"
            id="Medicine"
            name="Medicine"
            onChange={[Function]}
            type="number"
            value=""
          />
          <WithStyles(WithFormControlContext(FormHelperText))
            error={true}
            id="Medicine-helper-text"
          />
          <WithStyles(Tooltip)
            disableFocusListener={true}
            title="Wisdom (Medicine) measures your ability to stabilize a dying companion or diagnose an illness."
          >
            <withHelpersModifiers(Help)
              className="tooltip"
            >
              Hover for More About 
              Medicine
            </withHelpersModifiers(Help)>
          </WithStyles(Tooltip)>
        </WithStyles(FormControl)>
      </WithStyles(Grid)>
      <WithStyles(Grid)
        item={true}
        key="Nature"
        sm={4}
        xs={6}
      >
        <WithStyles(FormControl)
          className="formControl"
          disabled={false}
          fullWidth={true}
        >
          <WithStyles(WithFormControlContext(InputLabel))
            htmlFor="Nature"
          >
            Nature
          </WithStyles(WithFormControlContext(InputLabel))>
          <WithStyles(Input)
            aria-describedby="Nature-helper-text"
            id="Nature"
            name="Nature"
            onChange={[Function]}
            type="number"
            value=""
          />
          <WithStyles(WithFormControlContext(FormHelperText))
            error={true}
            id="Nature-helper-text"
          />
          <WithStyles(Tooltip)
            disableFocusListener={true}
            title="Intelligence (Nature) measures your ability to recall lore about terrain, plants and animals, the weather, and natural cycles."
          >
            <withHelpersModifiers(Help)
              className="tooltip"
            >
              Hover for More About 
              Nature
            </withHelpersModifiers(Help)>
          </WithStyles(Tooltip)>
        </WithStyles(FormControl)>
      </WithStyles(Grid)>
      <WithStyles(Grid)
        item={true}
        key="Perception"
        sm={4}
        xs={6}
      >
        <WithStyles(FormControl)
          className="formControl"
          disabled={false}
          fullWidth={true}
        >
          <WithStyles(WithFormControlContext(InputLabel))
            htmlFor="Perception"
          >
            Perception
          </WithStyles(WithFormControlContext(InputLabel))>
          <WithStyles(Input)
            aria-describedby="Perception-helper-text"
            id="Perception"
            name="Perception"
            onChange={[Function]}
            type="number"
            value=""
          />
          <WithStyles(WithFormControlContext(FormHelperText))
            error={true}
            id="Perception-helper-text"
          />
          <WithStyles(Tooltip)
            disableFocusListener={true}
            title="Wisdom (Perception) lets you spot, hear, or otherwise detect the presence of something."
          >
            <withHelpersModifiers(Help)
              className="tooltip"
            >
              Hover for More About 
              Perception
            </withHelpersModifiers(Help)>
          </WithStyles(Tooltip)>
        </WithStyles(FormControl)>
      </WithStyles(Grid)>
      <WithStyles(Grid)
        item={true}
        key="Performance"
        sm={4}
        xs={6}
      >
        <WithStyles(FormControl)
          className="formControl"
          disabled={false}
          fullWidth={true}
        >
          <WithStyles(WithFormControlContext(InputLabel))
            htmlFor="Performance"
          >
            Performance
          </WithStyles(WithFormControlContext(InputLabel))>
          <WithStyles(Input)
            aria-describedby="Performance-helper-text"
            id="Performance"
            name="Performance"
            onChange={[Function]}
            type="number"
            value=""
          />
          <WithStyles(WithFormControlContext(FormHelperText))
            error={true}
            id="Performance-helper-text"
          />
          <WithStyles(Tooltip)
            disableFocusListener={true}
            title="Charisma (Performance) determines how well you can delight an audience with music, dance, acting, storytelling, or some other form of entertainment."
          >
            <withHelpersModifiers(Help)
              className="tooltip"
            >
              Hover for More About 
              Performance
            </withHelpersModifiers(Help)>
          </WithStyles(Tooltip)>
        </WithStyles(FormControl)>
      </WithStyles(Grid)>
      <WithStyles(Grid)
        item={true}
        key="Persuasion"
        sm={4}
        xs={6}
      >
        <WithStyles(FormControl)
          className="formControl"
          disabled={false}
          fullWidth={true}
        >
          <WithStyles(WithFormControlContext(InputLabel))
            htmlFor="Persuasion"
          >
            Persuasion
          </WithStyles(WithFormControlContext(InputLabel))>
          <WithStyles(Input)
            aria-describedby="Persuasion-helper-text"
            id="Persuasion"
            name="Persuasion"
            onChange={[Function]}
            type="number"
            value=""
          />
          <WithStyles(WithFormControlContext(FormHelperText))
            error={true}
            id="Persuasion-helper-text"
          />
          <WithStyles(Tooltip)
            disableFocusListener={true}
            title="Charisma (Persuasion) covers when you attempt to influence someone or a group of people with tact, social graces, or good nature."
          >
            <withHelpersModifiers(Help)
              className="tooltip"
            >
              Hover for More About 
              Persuasion
            </withHelpersModifiers(Help)>
          </WithStyles(Tooltip)>
        </WithStyles(FormControl)>
      </WithStyles(Grid)>
      <WithStyles(Grid)
        item={true}
        key="Religion"
        sm={4}
        xs={6}
      >
        <WithStyles(FormControl)
          className="formControl"
          disabled={false}
          fullWidth={true}
        >
          <WithStyles(WithFormControlContext(InputLabel))
            htmlFor="Religion"
          >
            Religion
          </WithStyles(WithFormControlContext(InputLabel))>
          <WithStyles(Input)
            aria-describedby="Religion-helper-text"
            id="Religion"
            name="Religion"
            onChange={[Function]}
            type="number"
            value=""
          />
          <WithStyles(WithFormControlContext(FormHelperText))
            error={true}
            id="Religion-helper-text"
          />
          <WithStyles(Tooltip)
            disableFocusListener={true}
            title="Intelligence (Religion) measures your ability to recall lore about deities, rites and prayers, religious hierarchies, holy symbols, and the practices of secret cults."
          >
            <withHelpersModifiers(Help)
              className="tooltip"
            >
              Hover for More About 
              Religion
            </withHelpersModifiers(Help)>
          </WithStyles(Tooltip)>
        </WithStyles(FormControl)>
      </WithStyles(Grid)>
      <WithStyles(Grid)
        item={true}
        key="Sleight of Hand"
        sm={4}
        xs={6}
      >
        <WithStyles(FormControl)
          className="formControl"
          disabled={false}
          fullWidth={true}
        >
          <WithStyles(WithFormControlContext(InputLabel))
            htmlFor="Sleight of Hand"
          >
            Sleight of Hand
          </WithStyles(WithFormControlContext(InputLabel))>
          <WithStyles(Input)
            aria-describedby="Sleight of Hand-helper-text"
            id="Sleight of Hand"
            name="Sleight of Hand"
            onChange={[Function]}
            type="number"
            value=""
          />
          <WithStyles(WithFormControlContext(FormHelperText))
            error={true}
            id="Sleight of Hand-helper-text"
          />
          <WithStyles(Tooltip)
            disableFocusListener={true}
            title="Dexterity (Sleight of Hand) covers when you attempt an act of legerdemain or manual trickery, such as planting something on someone else, concealing an object on your person, or slipping something out of another person's pocket."
          >
            <withHelpersModifiers(Help)
              className="tooltip"
            >
              Hover for More About 
              Sleight of Hand
            </withHelpersModifiers(Help)>
          </WithStyles(Tooltip)>
        </WithStyles(FormControl)>
      </WithStyles(Grid)>
      <WithStyles(Grid)
        item={true}
        key="Stealth"
        sm={4}
        xs={6}
      >
        <WithStyles(FormControl)
          className="formControl"
          disabled={false}
          fullWidth={true}
        >
          <WithStyles(WithFormControlContext(InputLabel))
            htmlFor="Stealth"
          >
            Stealth
          </WithStyles(WithFormControlContext(InputLabel))>
          <WithStyles(Input)
            aria-describedby="Stealth-helper-text"
            id="Stealth"
            name="Stealth"
            onChange={[Function]}
            type="number"
            value=""
          />
          <WithStyles(WithFormControlContext(FormHelperText))
            error={true}
            id="Stealth-helper-text"
          />
          <WithStyles(Tooltip)
            disableFocusListener={true}
            title="Dexterity (Stealth) is when you attempt to conceal yourself from enemies, slink past guards, slip away without being noticed, or sneak up on someone without being seen or heard."
          >
            <withHelpersModifiers(Help)
              className="tooltip"
            >
              Hover for More About 
              Stealth
            </withHelpersModifiers(Help)>
          </WithStyles(Tooltip)>
        </WithStyles(FormControl)>
      </WithStyles(Grid)>
      <WithStyles(Grid)
        item={true}
        key="Survival"
        sm={4}
        xs={6}
      >
        <WithStyles(FormControl)
          className="formControl"
          disabled={false}
          fullWidth={true}
        >
          <WithStyles(WithFormControlContext(InputLabel))
            htmlFor="Survival"
          >
            Survival
          </WithStyles(WithFormControlContext(InputLabel))>
          <WithStyles(Input)
            aria-describedby="Survival-helper-text"
            id="Survival"
            name="Survival"
            onChange={[Function]}
            type="number"
            value=""
          />
          <WithStyles(WithFormControlContext(FormHelperText))
            error={true}
            id="Survival-helper-text"
          />
          <WithStyles(Tooltip)
            disableFocusListener={true}
            title="Wisdom (Survival) measures your ability to follow tracks, hunt wild game, guide your group through frozen wastelands, identify signs that owlbears live nearby, predict the weather, or avoid quicksand and other natural hazards."
          >
            <withHelpersModifiers(Help)
              className="tooltip"
            >
              Hover for More About 
              Survival
            </withHelpersModifiers(Help)>
          </WithStyles(Tooltip)>
        </WithStyles(FormControl)>
      </WithStyles(Grid)>
    </WithStyles(Grid)>
  </WithStyles(ExpansionPanelDetails)>
</WithStyles(ExpansionPanel)>
`;
