// Jest Snapshot v1, https://goo.gl/fbAQLP

exports[`Monster Stats Small snapshot matches snapshot 1`] = `
<WithStyles(ExpansionPanel)
  CollapseProps={
    Object {
      "timeout": 100,
    }
  }
  defaultExpanded={true}
>
  <WithStyles(ExpansionPanelSummary)
    expandIcon={<pure(ExpandMoreIcon) />}
  >
    <WithStyles(Typography)
      className="heading"
    >
      Saving Throws
    </WithStyles(Typography)>
  </WithStyles(ExpansionPanelSummary)>
  <WithStyles(ExpansionPanelDetails)>
    <WithStyles(Grid)
      container={true}
      spacing={8}
    >
      <WithStyles(Grid)
        item={true}
        key="SavingThrowsStrength"
        xs={12}
      >
        <WithStyles(FormControl)
          className="formControl"
          disabled={false}
          fullWidth={true}
        >
          <WithStyles(WithFormControlContext(InputLabel))
            htmlFor="SavingThrowsStrength"
          >
            Strength
          </WithStyles(WithFormControlContext(InputLabel))>
          <WithStyles(Input)
            aria-describedby="Strength-helper-text"
            id="SavingThrowsStrength"
            name="Strength"
            onChange={[Function]}
            type="number"
            value=""
          />
          <WithStyles(WithFormControlContext(FormHelperText))
            error={true}
            id="SavingThrowsStrength-helper-text"
          />
          <withHelpersModifiers(Help)>
            Strength
            : 
            measuring physical power
          </withHelpersModifiers(Help)>
        </WithStyles(FormControl)>
      </WithStyles(Grid)>
      <WithStyles(Grid)
        item={true}
        key="SavingThrowsDexterity"
        xs={12}
      >
        <WithStyles(FormControl)
          className="formControl"
          disabled={false}
          fullWidth={true}
        >
          <WithStyles(WithFormControlContext(InputLabel))
            htmlFor="SavingThrowsDexterity"
          >
            Dexterity
          </WithStyles(WithFormControlContext(InputLabel))>
          <WithStyles(Input)
            aria-describedby="Dexterity-helper-text"
            id="SavingThrowsDexterity"
            name="Dexterity"
            onChange={[Function]}
            type="number"
            value=""
          />
          <WithStyles(WithFormControlContext(FormHelperText))
            error={true}
            id="SavingThrowsDexterity-helper-text"
          />
          <withHelpersModifiers(Help)>
            Dexterity
            : 
            measuring agility
          </withHelpersModifiers(Help)>
        </WithStyles(FormControl)>
      </WithStyles(Grid)>
      <WithStyles(Grid)
        item={true}
        key="SavingThrowsConstitution"
        xs={12}
      >
        <WithStyles(FormControl)
          className="formControl"
          disabled={false}
          fullWidth={true}
        >
          <WithStyles(WithFormControlContext(InputLabel))
            htmlFor="SavingThrowsConstitution"
          >
            Constitution
          </WithStyles(WithFormControlContext(InputLabel))>
          <WithStyles(Input)
            aria-describedby="Constitution-helper-text"
            id="SavingThrowsConstitution"
            name="Constitution"
            onChange={[Function]}
            type="number"
            value=""
          />
          <WithStyles(WithFormControlContext(FormHelperText))
            error={true}
            id="SavingThrowsConstitution-helper-text"
          />
          <withHelpersModifiers(Help)>
            Constitution
            : 
            measuring endurance
          </withHelpersModifiers(Help)>
        </WithStyles(FormControl)>
      </WithStyles(Grid)>
      <WithStyles(Grid)
        item={true}
        key="SavingThrowsIntelligence"
        xs={12}
      >
        <WithStyles(FormControl)
          className="formControl"
          disabled={false}
          fullWidth={true}
        >
          <WithStyles(WithFormControlContext(InputLabel))
            htmlFor="SavingThrowsIntelligence"
          >
            Intelligence
          </WithStyles(WithFormControlContext(InputLabel))>
          <WithStyles(Input)
            aria-describedby="Intelligence-helper-text"
            id="SavingThrowsIntelligence"
            name="Intelligence"
            onChange={[Function]}
            type="number"
            value=""
          />
          <WithStyles(WithFormControlContext(FormHelperText))
            error={true}
            id="SavingThrowsIntelligence-helper-text"
          />
          <withHelpersModifiers(Help)>
            Intelligence
            : 
            measuring reasoning and memory
          </withHelpersModifiers(Help)>
        </WithStyles(FormControl)>
      </WithStyles(Grid)>
      <WithStyles(Grid)
        item={true}
        key="SavingThrowsWisdom"
        xs={12}
      >
        <WithStyles(FormControl)
          className="formControl"
          disabled={false}
          fullWidth={true}
        >
          <WithStyles(WithFormControlContext(InputLabel))
            htmlFor="SavingThrowsWisdom"
          >
            Wisdom
          </WithStyles(WithFormControlContext(InputLabel))>
          <WithStyles(Input)
            aria-describedby="Wisdom-helper-text"
            id="SavingThrowsWisdom"
            name="Wisdom"
            onChange={[Function]}
            type="number"
            value=""
          />
          <WithStyles(WithFormControlContext(FormHelperText))
            error={true}
            id="SavingThrowsWisdom-helper-text"
          />
          <withHelpersModifiers(Help)>
            Wisdom
            : 
            measuring Perception and Insight
          </withHelpersModifiers(Help)>
        </WithStyles(FormControl)>
      </WithStyles(Grid)>
      <WithStyles(Grid)
        item={true}
        key="SavingThrowsCharisma"
        xs={12}
      >
        <WithStyles(FormControl)
          className="formControl"
          disabled={false}
          fullWidth={true}
        >
          <WithStyles(WithFormControlContext(InputLabel))
            htmlFor="SavingThrowsCharisma"
          >
            Charisma
          </WithStyles(WithFormControlContext(InputLabel))>
          <WithStyles(Input)
            aria-describedby="Charisma-helper-text"
            id="SavingThrowsCharisma"
            name="Charisma"
            onChange={[Function]}
            type="number"
            value=""
          />
          <WithStyles(WithFormControlContext(FormHelperText))
            error={true}
            id="SavingThrowsCharisma-helper-text"
          />
          <withHelpersModifiers(Help)>
            Charisma
            : 
            measuring force of personality
          </withHelpersModifiers(Help)>
        </WithStyles(FormControl)>
      </WithStyles(Grid)>
    </WithStyles(Grid)>
  </WithStyles(ExpansionPanelDetails)>
</WithStyles(ExpansionPanel)>
`;
