// Jest Snapshot v1, https://goo.gl/fbAQLP

exports[`Monster Resistances Small snapshot matches snapshot 1`] = `
<WithStyles(ExpansionPanel)
  CollapseProps={
    Object {
      "timeout": 100,
    }
  }
  defaultExpanded={true}
>
  <WithStyles(ExpansionPanelSummary)
    expandIcon={<pure(ExpandMoreIcon) />}
  >
    <WithStyles(Typography)
      className="heading"
    >
      Vulnerability, Resistance, and Immunity
    </WithStyles(Typography)>
  </WithStyles(ExpansionPanelSummary)>
  <WithStyles(ExpansionPanelDetails)>
    <WithStyles(Grid)
      container={true}
      spacing={8}
    >
      <WithStyles(Grid)
        item={true}
        xs={12}
      >
        <WithStyles(FormControl)
          className="formControl"
          disabled={false}
          fullWidth={true}
        >
          <WithStyles(WithFormControlContext(InputLabel))
            htmlFor="DamageVulnerabilities"
          >
            Damage Vulnerabilities
          </WithStyles(WithFormControlContext(InputLabel))>
          <WithStyles(Input)
            aria-describedby="DamageVulnerabilities-helper-text"
            id="DamageVulnerabilities"
            name="DamageVulnerabilities"
            onChange={[Function]}
            type="text"
            value=""
          />
          <WithStyles(WithFormControlContext(FormHelperText))
            error={true}
            id="DamageVulnerabilities-helper-text"
          />
          <WithStyles(Tooltip)
            disableFocusListener={true}
            title="If a creature or an object has vulnerability to a damage type, damage of that type is doubled against it."
          >
            <withHelpersModifiers(Help)
              className="tooltip"
            >
              Hover for More About Damage Vulnerabilities
            </withHelpersModifiers(Help)>
          </WithStyles(Tooltip)>
        </WithStyles(FormControl)>
      </WithStyles(Grid)>
      <WithStyles(Grid)
        item={true}
        xs={12}
      >
        <WithStyles(FormControl)
          className="formControl"
          disabled={false}
          fullWidth={true}
        >
          <WithStyles(WithFormControlContext(InputLabel))
            htmlFor="DamageResistances"
          >
            Damage Resistances
          </WithStyles(WithFormControlContext(InputLabel))>
          <WithStyles(Input)
            aria-describedby="DamageResistances-helper-text"
            id="DamageResistances"
            name="DamageResistances"
            onChange={[Function]}
            type="text"
            value=""
          />
          <WithStyles(WithFormControlContext(FormHelperText))
            error={true}
            id="DamageResistances-helper-text"
          />
          <WithStyles(Tooltip)
            disableFocusListener={true}
            title="If a creature or an object has resistance to a damage type, damage of that type is halved against it."
          >
            <withHelpersModifiers(Help)
              className="tooltip"
            >
              Hover for More About Damage Resistance
            </withHelpersModifiers(Help)>
          </WithStyles(Tooltip)>
        </WithStyles(FormControl)>
      </WithStyles(Grid)>
      <WithStyles(Grid)
        item={true}
        xs={12}
      >
        <WithStyles(FormControl)
          className="formControl"
          disabled={false}
          fullWidth={true}
        >
          <WithStyles(WithFormControlContext(InputLabel))
            htmlFor="DamageImmunities"
          >
            Damage Immunities
          </WithStyles(WithFormControlContext(InputLabel))>
          <WithStyles(Input)
            aria-describedby="DamageImmunities-helper-text"
            id="DamageImmunities"
            name="DamageImmunities"
            onChange={[Function]}
            type="text"
            value=""
          />
          <WithStyles(WithFormControlContext(FormHelperText))
            error={true}
            id="DamageImmunities-helper-text"
          />
          <WithStyles(Tooltip)
            disableFocusListener={true}
            title="Creatures can be immune to damage types. A creature immune to a damage type doesn't take damage from that type of damage."
          >
            <withHelpersModifiers(Help)
              className="tooltip"
            >
              Hover for More About Damage Immunities
            </withHelpersModifiers(Help)>
          </WithStyles(Tooltip)>
        </WithStyles(FormControl)>
      </WithStyles(Grid)>
      <WithStyles(Grid)
        item={true}
        xs={12}
      >
        <WithStyles(FormControl)
          className="formControl"
          disabled={false}
          fullWidth={true}
        >
          <WithStyles(WithFormControlContext(InputLabel))
            htmlFor="ConditionImmunities"
          >
            Condition Immunities
          </WithStyles(WithFormControlContext(InputLabel))>
          <WithStyles(Input)
            aria-describedby="ConditionImmunities-helper-text"
            id="ConditionImmunities"
            name="ConditionImmunities"
            onChange={[Function]}
            type="text"
            value=""
          />
          <WithStyles(WithFormControlContext(FormHelperText))
            error={true}
            id="ConditionImmunities-helper-text"
          />
          <WithStyles(Tooltip)
            disableFocusListener={true}
            title="Creatures can be immune to conditions. If a creature is immune to fear, poison or illusion, it isn't affected by the non-damaging effects of power with those keywords. If a creature is immune to a condition, it cannot become afflicted by that condition."
          >
            <withHelpersModifiers(Help)
              className="tooltip"
            >
              Hover for More About Condition Immunity
            </withHelpersModifiers(Help)>
          </WithStyles(Tooltip)>
        </WithStyles(FormControl)>
      </WithStyles(Grid)>
    </WithStyles(Grid)>
  </WithStyles(ExpansionPanelDetails)>
</WithStyles(ExpansionPanel)>
`;
