// Jest Snapshot v1, https://goo.gl/fbAQLP

exports[`Monster SkillBonuses Small snapshot matches snapshot 1`] = `
<WithStyles(ExpansionPanel)
  CollapseProps={
    Object {
      "timeout": 100,
    }
  }
  defaultExpanded={true}
>
  <WithStyles(ExpansionPanelSummary)
    expandIcon={<pure(ExpandMoreIcon) />}
  >
    <WithStyles(Typography)
      className="heading"
    >
      Skill Bonuses
    </WithStyles(Typography)>
  </WithStyles(ExpansionPanelSummary)>
  <WithStyles(ExpansionPanelDetails)>
    <WithStyles(Grid)
      container={true}
      spacing={8}
    >
      <WithStyles(Grid)
        item={true}
        key="Acrobatics"
        sm={4}
        xs={6}
      >
        <WithStyles(FormControl)
          className="formControl"
          disabled={false}
          fullWidth={true}
        >
          <WithStyles(WithFormControlContext(InputLabel))
            htmlFor="Acrobatics"
          >
            Acrobatics
          </WithStyles(WithFormControlContext(InputLabel))>
          <WithStyles(Input)
            aria-describedby="Acrobatics-helper-text"
            id="Acrobatics"
            name="Acrobatics"
            onChange={[Function]}
            type="number"
            value=""
          />
          <WithStyles(WithFormControlContext(FormHelperText))
            error={true}
            id="Acrobatics-helper-text"
          />
        </WithStyles(FormControl)>
      </WithStyles(Grid)>
      <WithStyles(Grid)
        item={true}
        key="Animal Handling"
        sm={4}
        xs={6}
      >
        <WithStyles(FormControl)
          className="formControl"
          disabled={false}
          fullWidth={true}
        >
          <WithStyles(WithFormControlContext(InputLabel))
            htmlFor="Animal Handling"
          >
            Animal Handling
          </WithStyles(WithFormControlContext(InputLabel))>
          <WithStyles(Input)
            aria-describedby="Animal Handling-helper-text"
            id="Animal Handling"
            name="Animal Handling"
            onChange={[Function]}
            type="number"
            value=""
          />
          <WithStyles(WithFormControlContext(FormHelperText))
            error={true}
            id="Animal Handling-helper-text"
          />
        </WithStyles(FormControl)>
      </WithStyles(Grid)>
      <WithStyles(Grid)
        item={true}
        key="Arcana"
        sm={4}
        xs={6}
      >
        <WithStyles(FormControl)
          className="formControl"
          disabled={false}
          fullWidth={true}
        >
          <WithStyles(WithFormControlContext(InputLabel))
            htmlFor="Arcana"
          >
            Arcana
          </WithStyles(WithFormControlContext(InputLabel))>
          <WithStyles(Input)
            aria-describedby="Arcana-helper-text"
            id="Arcana"
            name="Arcana"
            onChange={[Function]}
            type="number"
            value=""
          />
          <WithStyles(WithFormControlContext(FormHelperText))
            error={true}
            id="Arcana-helper-text"
          />
        </WithStyles(FormControl)>
      </WithStyles(Grid)>
      <WithStyles(Grid)
        item={true}
        key="Athletics"
        sm={4}
        xs={6}
      >
        <WithStyles(FormControl)
          className="formControl"
          disabled={false}
          fullWidth={true}
        >
          <WithStyles(WithFormControlContext(InputLabel))
            htmlFor="Athletics"
          >
            Athletics
          </WithStyles(WithFormControlContext(InputLabel))>
          <WithStyles(Input)
            aria-describedby="Athletics-helper-text"
            id="Athletics"
            name="Athletics"
            onChange={[Function]}
            type="number"
            value=""
          />
          <WithStyles(WithFormControlContext(FormHelperText))
            error={true}
            id="Athletics-helper-text"
          />
        </WithStyles(FormControl)>
      </WithStyles(Grid)>
      <WithStyles(Grid)
        item={true}
        key="Deception"
        sm={4}
        xs={6}
      >
        <WithStyles(FormControl)
          className="formControl"
          disabled={false}
          fullWidth={true}
        >
          <WithStyles(WithFormControlContext(InputLabel))
            htmlFor="Deception"
          >
            Deception
          </WithStyles(WithFormControlContext(InputLabel))>
          <WithStyles(Input)
            aria-describedby="Deception-helper-text"
            id="Deception"
            name="Deception"
            onChange={[Function]}
            type="number"
            value=""
          />
          <WithStyles(WithFormControlContext(FormHelperText))
            error={true}
            id="Deception-helper-text"
          />
        </WithStyles(FormControl)>
      </WithStyles(Grid)>
      <WithStyles(Grid)
        item={true}
        key="History"
        sm={4}
        xs={6}
      >
        <WithStyles(FormControl)
          className="formControl"
          disabled={false}
          fullWidth={true}
        >
          <WithStyles(WithFormControlContext(InputLabel))
            htmlFor="History"
          >
            History
          </WithStyles(WithFormControlContext(InputLabel))>
          <WithStyles(Input)
            aria-describedby="History-helper-text"
            id="History"
            name="History"
            onChange={[Function]}
            type="number"
            value=""
          />
          <WithStyles(WithFormControlContext(FormHelperText))
            error={true}
            id="History-helper-text"
          />
        </WithStyles(FormControl)>
      </WithStyles(Grid)>
      <WithStyles(Grid)
        item={true}
        key="Insight"
        sm={4}
        xs={6}
      >
        <WithStyles(FormControl)
          className="formControl"
          disabled={false}
          fullWidth={true}
        >
          <WithStyles(WithFormControlContext(InputLabel))
            htmlFor="Insight"
          >
            Insight
          </WithStyles(WithFormControlContext(InputLabel))>
          <WithStyles(Input)
            aria-describedby="Insight-helper-text"
            id="Insight"
            name="Insight"
            onChange={[Function]}
            type="number"
            value=""
          />
          <WithStyles(WithFormControlContext(FormHelperText))
            error={true}
            id="Insight-helper-text"
          />
        </WithStyles(FormControl)>
      </WithStyles(Grid)>
      <WithStyles(Grid)
        item={true}
        key="Intimidation"
        sm={4}
        xs={6}
      >
        <WithStyles(FormControl)
          className="formControl"
          disabled={false}
          fullWidth={true}
        >
          <WithStyles(WithFormControlContext(InputLabel))
            htmlFor="Intimidation"
          >
            Intimidation
          </WithStyles(WithFormControlContext(InputLabel))>
          <WithStyles(Input)
            aria-describedby="Intimidation-helper-text"
            id="Intimidation"
            name="Intimidation"
            onChange={[Function]}
            type="number"
            value=""
          />
          <WithStyles(WithFormControlContext(FormHelperText))
            error={true}
            id="Intimidation-helper-text"
          />
        </WithStyles(FormControl)>
      </WithStyles(Grid)>
      <WithStyles(Grid)
        item={true}
        key="Investigation"
        sm={4}
        xs={6}
      >
        <WithStyles(FormControl)
          className="formControl"
          disabled={false}
          fullWidth={true}
        >
          <WithStyles(WithFormControlContext(InputLabel))
            htmlFor="Investigation"
          >
            Investigation
          </WithStyles(WithFormControlContext(InputLabel))>
          <WithStyles(Input)
            aria-describedby="Investigation-helper-text"
            id="Investigation"
            name="Investigation"
            onChange={[Function]}
            type="number"
            value=""
          />
          <WithStyles(WithFormControlContext(FormHelperText))
            error={true}
            id="Investigation-helper-text"
          />
        </WithStyles(FormControl)>
      </WithStyles(Grid)>
      <WithStyles(Grid)
        item={true}
        key="Medicine"
        sm={4}
        xs={6}
      >
        <WithStyles(FormControl)
          className="formControl"
          disabled={false}
          fullWidth={true}
        >
          <WithStyles(WithFormControlContext(InputLabel))
            htmlFor="Medicine"
          >
            Medicine
          </WithStyles(WithFormControlContext(InputLabel))>
          <WithStyles(Input)
            aria-describedby="Medicine-helper-text"
            id="Medicine"
            name="Medicine"
            onChange={[Function]}
            type="number"
            value=""
          />
          <WithStyles(WithFormControlContext(FormHelperText))
            error={true}
            id="Medicine-helper-text"
          />
        </WithStyles(FormControl)>
      </WithStyles(Grid)>
      <WithStyles(Grid)
        item={true}
        key="Nature"
        sm={4}
        xs={6}
      >
        <WithStyles(FormControl)
          className="formControl"
          disabled={false}
          fullWidth={true}
        >
          <WithStyles(WithFormControlContext(InputLabel))
            htmlFor="Nature"
          >
            Nature
          </WithStyles(WithFormControlContext(InputLabel))>
          <WithStyles(Input)
            aria-describedby="Nature-helper-text"
            id="Nature"
            name="Nature"
            onChange={[Function]}
            type="number"
            value=""
          />
          <WithStyles(WithFormControlContext(FormHelperText))
            error={true}
            id="Nature-helper-text"
          />
        </WithStyles(FormControl)>
      </WithStyles(Grid)>
      <WithStyles(Grid)
        item={true}
        key="Perception"
        sm={4}
        xs={6}
      >
        <WithStyles(FormControl)
          className="formControl"
          disabled={false}
          fullWidth={true}
        >
          <WithStyles(WithFormControlContext(InputLabel))
            htmlFor="Perception"
          >
            Perception
          </WithStyles(WithFormControlContext(InputLabel))>
          <WithStyles(Input)
            aria-describedby="Perception-helper-text"
            id="Perception"
            name="Perception"
            onChange={[Function]}
            type="number"
            value=""
          />
          <WithStyles(WithFormControlContext(FormHelperText))
            error={true}
            id="Perception-helper-text"
          />
        </WithStyles(FormControl)>
      </WithStyles(Grid)>
      <WithStyles(Grid)
        item={true}
        key="Performance"
        sm={4}
        xs={6}
      >
        <WithStyles(FormControl)
          className="formControl"
          disabled={false}
          fullWidth={true}
        >
          <WithStyles(WithFormControlContext(InputLabel))
            htmlFor="Performance"
          >
            Performance
          </WithStyles(WithFormControlContext(InputLabel))>
          <WithStyles(Input)
            aria-describedby="Performance-helper-text"
            id="Performance"
            name="Performance"
            onChange={[Function]}
            type="number"
            value=""
          />
          <WithStyles(WithFormControlContext(FormHelperText))
            error={true}
            id="Performance-helper-text"
          />
        </WithStyles(FormControl)>
      </WithStyles(Grid)>
      <WithStyles(Grid)
        item={true}
        key="Persuasion"
        sm={4}
        xs={6}
      >
        <WithStyles(FormControl)
          className="formControl"
          disabled={false}
          fullWidth={true}
        >
          <WithStyles(WithFormControlContext(InputLabel))
            htmlFor="Persuasion"
          >
            Persuasion
          </WithStyles(WithFormControlContext(InputLabel))>
          <WithStyles(Input)
            aria-describedby="Persuasion-helper-text"
            id="Persuasion"
            name="Persuasion"
            onChange={[Function]}
            type="number"
            value=""
          />
          <WithStyles(WithFormControlContext(FormHelperText))
            error={true}
            id="Persuasion-helper-text"
          />
        </WithStyles(FormControl)>
      </WithStyles(Grid)>
      <WithStyles(Grid)
        item={true}
        key="Religion"
        sm={4}
        xs={6}
      >
        <WithStyles(FormControl)
          className="formControl"
          disabled={false}
          fullWidth={true}
        >
          <WithStyles(WithFormControlContext(InputLabel))
            htmlFor="Religion"
          >
            Religion
          </WithStyles(WithFormControlContext(InputLabel))>
          <WithStyles(Input)
            aria-describedby="Religion-helper-text"
            id="Religion"
            name="Religion"
            onChange={[Function]}
            type="number"
            value=""
          />
          <WithStyles(WithFormControlContext(FormHelperText))
            error={true}
            id="Religion-helper-text"
          />
        </WithStyles(FormControl)>
      </WithStyles(Grid)>
      <WithStyles(Grid)
        item={true}
        key="Sleight of Hand"
        sm={4}
        xs={6}
      >
        <WithStyles(FormControl)
          className="formControl"
          disabled={false}
          fullWidth={true}
        >
          <WithStyles(WithFormControlContext(InputLabel))
            htmlFor="Sleight of Hand"
          >
            Sleight of Hand
          </WithStyles(WithFormControlContext(InputLabel))>
          <WithStyles(Input)
            aria-describedby="Sleight of Hand-helper-text"
            id="Sleight of Hand"
            name="Sleight of Hand"
            onChange={[Function]}
            type="number"
            value=""
          />
          <WithStyles(WithFormControlContext(FormHelperText))
            error={true}
            id="Sleight of Hand-helper-text"
          />
        </WithStyles(FormControl)>
      </WithStyles(Grid)>
      <WithStyles(Grid)
        item={true}
        key="Stealth"
        sm={4}
        xs={6}
      >
        <WithStyles(FormControl)
          className="formControl"
          disabled={false}
          fullWidth={true}
        >
          <WithStyles(WithFormControlContext(InputLabel))
            htmlFor="Stealth"
          >
            Stealth
          </WithStyles(WithFormControlContext(InputLabel))>
          <WithStyles(Input)
            aria-describedby="Stealth-helper-text"
            id="Stealth"
            name="Stealth"
            onChange={[Function]}
            type="number"
            value=""
          />
          <WithStyles(WithFormControlContext(FormHelperText))
            error={true}
            id="Stealth-helper-text"
          />
        </WithStyles(FormControl)>
      </WithStyles(Grid)>
      <WithStyles(Grid)
        item={true}
        key="Survival"
        sm={4}
        xs={6}
      >
        <WithStyles(FormControl)
          className="formControl"
          disabled={false}
          fullWidth={true}
        >
          <WithStyles(WithFormControlContext(InputLabel))
            htmlFor="Survival"
          >
            Survival
          </WithStyles(WithFormControlContext(InputLabel))>
          <WithStyles(Input)
            aria-describedby="Survival-helper-text"
            id="Survival"
            name="Survival"
            onChange={[Function]}
            type="number"
            value=""
          />
          <WithStyles(WithFormControlContext(FormHelperText))
            error={true}
            id="Survival-helper-text"
          />
        </WithStyles(FormControl)>
      </WithStyles(Grid)>
    </WithStyles(Grid)>
  </WithStyles(ExpansionPanelDetails)>
</WithStyles(ExpansionPanel)>
`;
