// Jest Snapshot v1, https://goo.gl/fbAQLP

exports[`Test the View Catalog Page renders correctly when the page is loaded 1`] = `
<div
  className="view-catalog-container"
>
  <h1
    className="page-title"
  >
    View Catalog Items
  </h1>
  <div
    className="tab-root"
  >
    <WithStyles(AppBar)
      position="static"
    >
      <WithStyles(Tabs)
        onChange={[Function]}
        value="monsters"
      >
        <WithStyles(Tab)
          label="Monsters"
          value="monsters"
        />
        <WithStyles(Tab)
          label="Equipment"
          value="equipment"
        />
        <WithStyles(Tab)
          label="Locations"
          value="locations"
        />
        <WithStyles(Tab)
          label="Buildings"
          value="buildings"
        />
        <WithStyles(Tab)
          label="Spells"
          value="spells"
        />
      </WithStyles(Tabs)>
    </WithStyles(AppBar)>
    <Route
      component={[Function]}
      path="/catalog/monsters"
    />
    <Route
      path="/catalog/equipment"
      render={[Function]}
    />
    <Route
      path="/catalog/locations"
      render={[Function]}
    />
    <Route
      path="/catalog/buildings"
      render={[Function]}
    />
    <Route
      path="/catalog/spells"
      render={[Function]}
    />
  </div>
</div>
`;
