// Jest Snapshot v1, https://goo.gl/fbAQLP

exports[`Test the View Game Components Page renders correctly when the page is loaded 1`] = `
<div
  className="view-game-components-container"
>
  <h1
    className="page-title"
  >
    View Catalog Items
  </h1>
  <div
    className="tab-root"
  >
    <WithStyles(AppBar)
      position="static"
    >
      <WithStyles(Tabs)
        onChange={[Function]}
        value="monsters"
      >
        <WithStyles(Tab)
          label="Encounters"
          value="encounters"
        />
        <WithStyles(Tab)
          label="Campaigns"
          value="campaigns"
        />
        <WithStyles(Tab)
          label="Characters"
          value="characters"
        />
      </WithStyles(Tabs)>
    </WithStyles(AppBar)>
    <Route
      component={[Function]}
      path="/game_components/encounters"
    />
    <Route
      component={[Function]}
      path="/game_components/campaigns"
    />
    <Route
      component={[Function]}
      path="/game_components/characters"
    />
  </div>
</div>
`;
